>
>object `Backtics test` {
#^^^^^^ source.scala keyword.declaration.scala
#      ^ source.scala
#       ^^^^^^^^^^^^^^^ source.scala entity.name.class.declaration
#                      ^ source.scala
#                       ^ source.scala punctuation.section.block.begin.scala
>    val x = MediaRange.`*/*`
#^^^^ source.scala
#    ^^^ source.scala keyword.declaration.stable.scala
#       ^ source.scala
#        ^ source.scala variable.stable.declaration.scala
#         ^ source.scala
#          ^ source.scala keyword.operator.comparison.scala
#           ^ source.scala
#            ^^^^^^^^^^ source.scala entity.name.class
#                      ^ source.scala
#                       ^^^^^ source.scala
> 
>    val y = `MediaRange`.`*/*`
#^^^^ source.scala
#    ^^^ source.scala keyword.declaration.stable.scala
#       ^ source.scala
#        ^ source.scala variable.stable.declaration.scala
#         ^ source.scala
#          ^ source.scala keyword.operator.comparison.scala
#           ^ source.scala
#            ^^^^^^^^^^^^ source.scala
#                        ^ source.scala
#                         ^^^^^ source.scala
>
>    val z = `Media Range`
#^^^^ source.scala
#    ^^^ source.scala keyword.declaration.stable.scala
#       ^ source.scala
#        ^ source.scala variable.stable.declaration.scala
#         ^ source.scala
#          ^ source.scala keyword.operator.comparison.scala
#           ^ source.scala
#            ^^^^^^^^^^^^^ source.scala
>    
>    def `*/*`(`a b`: `C D`): `e f` = ???
#^^^^ source.scala
#    ^^^ source.scala keyword.declaration.scala
#       ^ source.scala
#        ^^^^^ source.scala entity.name.function.declaration
#             ^ source.scala meta.bracket.scala
#              ^^^^^ source.scala variable.parameter.scala
#                   ^ source.scala meta.colon.scala
#                    ^ source.scala
#                     ^^^^^ source.scala
#                          ^ source.scala meta.bracket.scala
#                           ^ source.scala keyword.operator.scala
#                            ^ source.scala
#                             ^^^^^ source.scala
#                                  ^ source.scala
#                                   ^ source.scala keyword.operator.comparison.scala
#                                    ^ source.scala
#                                     ^^^ source.scala keyword.operator.scala
>
>    
>    
>    val `*/*` = 5
#^^^^ source.scala
#    ^^^ source.scala keyword.declaration.stable.scala
#       ^ source.scala
#        ^^^^^ source.scala variable.stable.declaration.scala
#             ^ source.scala
#              ^ source.scala keyword.operator.comparison.scala
#               ^ source.scala
#                ^ source.scala constant.numeric.scala
> }
#^ source.scala
# ^ source.scala punctuation.section.block.end.scala